###############################################################
#  Generated by:      Cadence Tempus 21.11-s131_1
#  OS:                Linux x86_64(Host ID srv03335)
#  Generated on:      Wed Sep 16 15:04:22 2026
#  Design:            nanosoc_eth_chiplet_pads
#  Command:           report_analysis_coverage > $REP/analysis_coverage.rpt
###############################################################
    -------------------------------------------------------------------------------------------  
                                   TIMING CHECK COVERAGE SUMMARY                                  
    -------------------------------------------------------------------------------------------  
     Check Type                      No. of   Met              Violated         Untested         
                                     Checks                                                      
    -------------------------------------------------------------------------------------------  
    Clock Gating Setup             2         2 (100%)         0 (0%)           0 (0%)
    ClockPeriod                    42        4 (9%)           0 (0%)           38 (90%)
    DataCheckSetup                 83        0 (0%)           0 (0%)           83 (100%)
    ExternalDelay (Late)           15        15 (100%)        0 (0%)           0 (0%)
    Library Clock Gating Setup     6014      3007 (50%)       0 (0%)           3007 (50%)
    PulseWidth                     169363    119890 (70%)     0 (0%)           49473 (29%)
    Recovery                       43291     40286 (93%)      0 (0%)           3005 (6%)
    Setup                          68323     65946 (96%)      0 (0%)           2377 (3%)
    TimeBorrow                     1         1 (100%)         0 (0%)           0 (0%)
    -------------------------------------------------------------------------------------------
