#################################################################################
# Design Name: nanosoc_eth_chiplet_pads
# Design Mode: 65nm
# Analysis Mode: MMMC OCV
# Parasitics Mode: SPEF/RCDB
# Signoff Settings: SI On
#################################################################################
    -------------------------------------------------------------------------------------------
                                   TIMING CHECK COVERAGE SUMMARY
    -------------------------------------------------------------------------------------------
     Check Type                      No. of   Met              Violated         Untested
                                     Checks
    -------------------------------------------------------------------------------------------
    Clock Gating Setup             2         2 (100%)         0 (0%)           0 (0%)
    ClockPeriod                    42        42 (100%)        0 (0%)           0 (0%)
    Recovery                       43284     43284 (100%)     0 (0%)           0 (0%)
    Setup                          68303     68303 (100%)     0 (0%)           0 (0%)
    -------------------------------------------------------------------------------------------
