// LEC version 22.10-s200 (16-Jun-2022)
// Check out Conformal_Ultra 22.1 license
// Check out Conformal_Asic 22.1 license
// Command: tclmode
...
// Command: compare
================================================================================
Compared points      PO     DFF    BBOX      Total   
--------------------------------------------------------------------------------
Equivalent           35     1      1         37      
================================================================================
0
// Command: report_compare_data -class nonequivalent -class abort -class notcompared
0 Non-equivalent point(s) reported
0 Abort point(s) reported
0 Not-compared point(s) reported
...
6. Compare Results:                                                        PASS
     Number of EQ compare points:                              37
     Number of NON-EQ compare points:                          0
     Number of Aborted compare points:                         0
