POWER NET REPORT 
Generated Date: Mon Aug 17 23:50:26 2026
Host Name: srv03335


==============================
POWER NET 
==============================
Power Net: VDD
Voltage: 1.080
Threshold: 1.026


==============================
POWER-GRID VIEW
==============================
Power-Grid Views Used: 388


==============================
POWER-GRID ATTRIBUTES
==============================
Total Resistor Elements: 1103797
    Please refer to ../VDD/grid.gif for more details
Top-level Resistor Elements:1103797
Cell Library Resistor Elements: 0
Total Number of Current Taps: 361563
    Please refer to ../VDD/tc.gif for more details


==============================
IR DROP ANALYSIS
==============================
Layer based IR Drop Report: See Report
Minimum, Average, Maximum IR drop: 1.076V 1.076V 1.080V
    Please refer to ../VDD/ir_linear.gif for more details
Total Static Current Loaded: -0.050419734790921211A
Number of Violations: 0
    Please refer to ../VDD/ir_limit.gif for more details
Minimum, Average, Maximum Vsrc Current: -0.0089661385864019394A, -0.0084032891318202019A, -0.0078908437862992287A


==============================
EFFECTIVE RESISTANCE ANALYSIS
==============================
Minimum, Average, Maximum Reff: NA, NA, NA


==============================
CURRENT DENSITY ANALYSIS
==============================
Minimum, Average, Maximum J/Jmax: 0.008, 0.113, 0.642
Number of Violations: 0
    Please refer to /home/dam1n19/SoCLabs/nanosoc-ethernet-chiplet/ASIC/genus-innovus/rail/work/fp1505/results/PD_TOP_125C_avg_1/Reports/VDD/rj.gif for more details


==============================
POWER SWITCH ANALYSIS
==============================
PowerGate Current I/Idsat violations: 
    Please refer to /home/dam1n19/SoCLabs/nanosoc-ethernet-chiplet/ASIC/genus-innovus/rail/work/fp1505/results/PD_TOP_125C_avg_1/Reports/VDD/pi.gif for more details
Minimum, Average, Maximum I/Idsat (pi): NA, NA, NA
Minimum, Average, Maximum IRdrop Across PowerGate (pv): 0, 0, 0
Power Switch ECO file for Soc Encounter: 


==============================
PACKAGE ANALYSIS
==============================
Voltage Drop Across Package (vu): NA, NA, NA


==============================
CAPACITANCE ANALYSIS
==============================
Decap Optimization method: area  
Total Coupling Capacitance: NA
    Please refer to ../VDD/dd.gif for more details
Grid Coupling Capacitance: NA
Gate Coupling Capacitance (internal): NA
Loading Coupling Capacitance: NA
Capacitance Offered by Placed Decaps: NA
Additional Capacitance Required: 0.000F
    Please refer to ../VDD/dr.gif for more details
Total Feasible Capacitance: 0.000F
Total Leakage Current of Placed Decaps: 0.000A
Total Leakage Current of ECO Decaps: 0.000A
What-if ECO File:   
SoC Encounter ECO File: /home/dam1n19/SoCLabs/nanosoc-ethernet-chiplet/ASIC/genus-innovus/rail/work/fp1505/results/PD_TOP_125C_avg_1//VDD/vs2fe_eco.tcl 


==============================
ADDITIONAL FILES
==============================
Instance Voltage File: /home/dam1n19/SoCLabs/nanosoc-ethernet-chiplet/ASIC/genus-innovus/rail/work/fp1505/results/PD_TOP_125C_avg_1/Reports/VDD/VDD.iv
Dynamic IR drop Waveform File (dynamic): 
Effective Instance Voltage File (dynamic): 

Summary: /home/dam1n19/SoCLabs/nanosoc-ethernet-chiplet/ASIC/genus-innovus/rail/work/fp1505/results/PD_TOP_125C_avg_1//VDD/results 


