// LEC version 22.10-s200 (16-Jun-2022)
// Check out Conformal_Ultra 22.1 license
// Check out Conformal_Asic 22.1 license
// Command: tclmode
...
// Command: compare
================================================================================
Compared points      PO     DFF    BBOX      Total   
--------------------------------------------------------------------------------
Equivalent           35     0      1         36      
--------------------------------------------------------------------------------
Non-equivalent       0      1      0         1       
================================================================================
0
// Command: report_compare_data -class nonequivalent -class abort -class notcompared
Compared points are: Non-equivalent (reachable)
  + 84  DFF  /u_ff/U$1              + 84  DFF  /u_ff/U$1              
Due to these Non-equivalent points:
[DATA]
  + 210 NAND /u_nd/U$1              + 213 BUF  /u_hold_1/U$1          

1 Non-equivalent point(s) reported
0 Abort point(s) reported
0 Not-compared point(s) reported
...
6. Compare Results:                                                  FAIL:NONEQ
     Number of EQ compare points:                              36
     Number of NON-EQ compare points:                          1
     Number of Aborted compare points:                         0
