###############################################################
#  Generated by:      Cadence Tempus 21.11-s131_1
#  OS:                Linux x86_64(Host ID srv03335)
#  Generated on:      Wed Sep 16 15:10:54 2026
#  Design:            nanosoc_eth_chiplet_pads
#  Command:           report_analysis_coverage > $REP/analysis_coverage_early_all.rpt 
###############################################################
    -------------------------------------------------------------------------------------------  
                                   TIMING CHECK COVERAGE SUMMARY                                  
    -------------------------------------------------------------------------------------------  
     Check Type                      No. of   Met              Violated         Untested         
                                     Checks                                                      
    -------------------------------------------------------------------------------------------  
    Clock Gating Hold              2         2 (100%)         0 (0%)           0 (0%)
    DataCheckHold                  83        0 (0%)           0 (0%)           83 (100%)
    ExternalDelay (Early)          15        15 (100%)        0 (0%)           0 (0%)
    Hold                           68324     65945 (96%)      2 (0%)           2377 (3%)
    Library Clock Gating Hold      6014      3007 (50%)       0 (0%)           3007 (50%)
    Removal                        43291     40286 (93%)      0 (0%)           3005 (6%)
    -------------------------------------------------------------------------------------------
