Command: vcs -full64 -sverilog -timescale=1ns/1ps -f /home/dam1n19/SoCLabs/nanosoc-ethernet-chiplet/flist/nanosoc_eth_chiplet.flist \
-top nanosoc_eth_chiplet -o simv_chiplet -l /home/dam1n19/SoCLabs/nanosoc-ethernet-chiplet/build/elab/elab.log \

                         Chronologic VCS (TM)
       Version T-2022.06-SP2_Full64 -- Mon Aug 17 18:44:32 2026

...
[trimmed extract of build/elab/elab.log, 1519 lines / 155471 bytes, VCS 2022.06-SP2]
...
recompiling module chiplet_d2d_decode
recompiling module tidechart_shim
recompiling module nanosoc_eth_chiplet
All of 212 modules done
make[1]: Entering directory '/home/dam1n19/SoCLabs/nanosoc-ethernet-chiplet/build/elab/csrc' \

rm -f _cuarc*.so _csrc*.so pre_vcsobj_*.so share_vcsobj_*.so
if [ -x ../simv_chiplet ]; then chmod a-x ../simv_chiplet; fi
g++  -o ../simv_chiplet      -rdynamic  -Wl,-rpath='$ORIGIN'/simv_chiplet.daidir \
-Wl,-rpath=./simv_chiplet.daidir -Wl,-rpath=/eda/synopsys/2022-23/RHELx86/VCS_2022.06-SP2/linux64/lib \
-L/eda/synopsys/2022-23/RHELx86/VCS_2022.06-SP2/linux64/lib  -Wl,-rpath-link=./  \
/usr/lib64/libnuma.so.1   objs/amcQw_d.o   _98368_archive_1.so  SIM_l.o      rmapats_mop.o \
rmapats.o rmar.o rmar_nd.o  rmar_llvm_0_1.o rmar_llvm_0_0.o            -lvirsim -lerrorinf \
-lsnpsmalloc -lvfs    -lvcsnew -lsimprofile -luclinative /eda/synopsys/2022-23/RHELx86/VCS_2022.06-SP2/linux64/lib/vcs_tls.o \
-Wl,-whole-archive  -lvcsucli    -Wl,-no-whole-archive          /eda/synopsys/2022-23/RHELx86/VCS_2022.06-SP2/linux64/lib/vcs_save_restore_new.o \
-ldl  -lc -lm -lpthread -ldl 
../simv_chiplet up to date
make[1]: Leaving directory '/home/dam1n19/SoCLabs/nanosoc-ethernet-chiplet/build/elab/csrc' \

CPU time: 17.049 seconds to compile + .875 seconds to elab + .405 seconds to link
