###############################################################
#  Generated by:      Cadence Tempus 21.11-s131_1
#  OS:                Linux x86_64(Host ID srv03335)
#  Generated on:      Wed Sep 16 15:04:33 2026
#  Design:            nanosoc_eth_chiplet_pads
#  Command:           report_timing_summary -checks hold > $REP/timing_summary_hold.rpt
###############################################################
AAE_INFO: opIsDesignInPostRouteState() is 1
AAE_INFO: resetNetProps for all the views. 
Starting SI iteration 1 using Infinite Timing Windows
#################################################################################
# Design Name: nanosoc_eth_chiplet_pads
# Design Mode: 65nm
# Analysis Mode: MMMC OCV 
# Parasitics Mode: SPEF/RCDB 
# Signoff Settings: SI On 
#################################################################################
Start delay calculation (fullDC) (8 T). (MEM=4862.26)
AAE_INFO-618: Total number of nets in the design is 267276,  95.9 percent of the nets selected for SI analysis
AAE_INFO-618: Total number of nets in the design is 267276,  95.9 percent of the nets selected for SI analysis
AAE_INFO-618: Total number of nets in the design is 267276,  95.9 percent of the nets selected for SI analysis
End delay calculation. (MEM=5224.86 CPU=0:05:54 REAL=0:00:59.0)
End delay calculation (fullDC). (MEM=5224.86 CPU=0:06:13 REAL=0:01:03)
esiiDumpWaveformsThread is successfull 1 
Save waveform /tmpdir/ssv_tmpdir_1712745_nK3NlG/.AAE_QI2hWD/.AAE_1712745/waveform.data in separate thread...
Finish pthread dumping compressed waveforms.
Loading CTE timing window with TwFlowType 0...(CPU = 0:00:00.0, REAL = 0:00:00.0, MEM = 4594.6M)
Loading CTE timing window is completed (CPU = 0:00:04.0, REAL = 0:00:01.0, MEM = 4594.6M)
Starting SI iteration 2
Start delay calculation (fullDC) (8 T). (MEM=4372.05)
AAE_INFO-618: Total number of nets in the design is 267276,  0.4 percent of the nets selected for SI analysis
AAE_INFO-618: Total number of nets in the design is 267276,  0.4 percent of the nets selected for SI analysis
AAE_INFO-618: Total number of nets in the design is 267276,  0.4 percent of the nets selected for SI analysis
End delay calculation. (MEM=4810.53 CPU=0:00:14.7 REAL=0:00:04.0)
End delay calculation (fullDC). (MEM=4810.53 CPU=0:00:14.9 REAL=0:00:04.0)
# HOLD                    WNS     TNS   FEP   
#--------------------------------------------
 View : ALL            0.056  0.000     0  
    Group : Async       0.075   0.000     0  
    Group : ClockGate   0.046   0.000     0  
    Group : in2out        N/A     N/A     0  
    Group : reg2out     0.057   0.000     0  
    Group : in2reg      0.076     0.0     0  
    Group : reg2reg    -0.022  -0.037     2  
                                             
#--------------------------------------------
 
